> Task :checkKotlinGradlePluginConfigurationErrors SKIPPED
> Task :processResources UP-TO-DATE
> Task :check

> Task :compileKotlin FAILED
e: file:///C:/Users/fguen/IdeaProjects/open-cs-tournament-generator/backend/src/main/kotlin/com/cs2/tournament/config/DataInitializer.kt:18:1 Class 'DataInitializer' is not abstract and does not implement abstract member:
fun run(vararg args: String): Unit
e: file:///C:/Users/fguen/IdeaProjects/open-cs-tournament-generator/backend/src/main/kotlin/com/cs2/tournament/config/DataInitializer.kt:25:5 'run' overrides nothing. Potential signatures for overriding:
fun run(vararg args: String): Unit
e: file:///C:/Users/fguen/IdeaProjects/open-cs-tournament-generator/backend/src/main/kotlin/com/cs2/tournament/config/DataInitializer.kt:29:32 Argument type mismatch: actual type is 'String?', but 'String' was expected.
e: file:///C:/Users/fguen/IdeaProjects/open-cs-tournament-generator/backend/src/main/kotlin/com/cs2/tournament/config/DataInitializer.kt:34:32 Argument type mismatch: actual type is 'String?', but 'String' was expected.
e: file:///C:/Users/fguen/IdeaProjects/open-cs-tournament-generator/backend/src/main/kotlin/com/cs2/tournament/config/DataInitializer.kt:39:32 Argument type mismatch: actual type is 'String?', but 'String' was expected.

FAILURE: Build failed with an exception.

* What went wrong:
Execution failed for task ':compileKotlin'.
> A failure occurred while executing org.jetbrains.kotlin.compilerRunner.GradleCompilerRunnerWithWorkers$GradleKotlinCompilerWorkAction
   > Compilation error. See log for more details

* Try:
> Run with --stacktrace option to get the stack trace.
> Run with --info or --debug option to get more log output.
> Run with --scan to get full insights from a Build Scan (powered by Develocity).
> Get more help at https://help.gradle.org.

BUILD FAILED in 1s
2 actionable tasks: 1 executed, 1 up-to-date
